Buenos Aires
Sydney
Melbourne
Brisbane
Perth
Adelaide
Gold Coast
Vienna
Baku/Sumqayit
Brussels
Antwerp
Sao Paulo
Rio de Janeiro
Belo Horizonte
Recife
Porto Alegre
Fortaleza
Curitiba
Campinas
Brasilia
Goiania
Phnom Penh
Toronto
Montreal
Vancouver
Calgary
Ottawa/Hull
Edmonton
Quebec
Winnipeg
St Catharines
Santiago
Shanghai
Beijing
Shenzhen
Tianjin
Shenyang
Dalian
Bogota
Kinshasa
Lumumbashi
Copenhagen
Quito
Cairo
Helsinki
Paris
Marseille
Lyon
Lille
Nice
Toulouse
Bordeaux
Nantes
Toulon
Douai/Lens
Valenciennes
Tours
Bethune
Avignon
Pau
Essen/Düsseldorf
Berlin
Frankfurt
Cologne/Bonn
Hamburg
Munich
Stuttgart
Aachen
Accra
Athens
Budapest
Mumbai
Delhi
Kolkata
Chennai
Bangalore
Hyderabad
Jakarta
Tehran
Baghdad
Dublin
Tel Aviv
Milan
Rome
Naples
Turin
Tokyo/Yokohama
Osaka/Kobe/Kyoto
Nagoya
Fukuoka
Sapporo
Kuwait
Beirut
Kuala Lumpur
Mexico City
Guadalajara
Monterey
Rotterdam
Auckland
Lagos
Karachi
Lahore
Lima
Manila
Katowice
Warsaw
Lisbon
Porto
San Juan
Aguadilla
Moscow
St Petersburg
Nizhni Novgorod
Riyadh
Jeddah
Damman
Singapore
Johannesburg/East Rand
Durban
Cape Town
Pretoria
Port Elizabeth
Vereeniging
Seoul/Incheon
Madrid
Barcelona
Khartoum
Stockholm
Taipei
Taichung
Bangkok
Istanbul
Ankara
Dubai
Abu Dhabi
London
Birmingham
Manchester
Leeds/Bradford
Glasgow
New York Metro
Los Angeles
Chicago
Philadelphia
Miami
Dallas/Fort Worth
Boston
Washington
Detroit
Houston
Atlanta
San Francisco/Oakland
Phoenix/Mesa
Seattle
San Diego
Minneapolis/St. Paul
St. Louis
Baltimore
Tampa/St. Petersburg
Denver
Cleveland
Pittsburgh
Portland
San Jose
Riverside/San Bernardino
Cincinnati
Virginia Beach
Sacramento
Kansas City
San Antonio
Las Vegas
Milwaukee
Indianapolis
Providence
Orlando
Columbus
New Orleans
Buffalo
Memphis
Austin
Bridgeport//Stamford
Salt Lake City
Jacksonville
Louisville
Hartford
Richmond
Charlotte
Nashville
Oklahoma City
Tucson
Honolulu
Dayton
Rochester
El Paso
Birmingham
Omaha
Albuquerque
Allentown/Bethlehem
Springfield
Akron
Albany
Sarasota//Bradenton
Tulsa
Concord
Raleigh
Grand Rapids
New Haven
McAllen
Toledo
Baton Rouge
Colorado Springs
Worcester
Charleston
Wichita
Columbia
Knoxville
Ogden
Youngstown
Syracuse
Palm Bay
Scranton
Flint
Harrisburg
Little Rock
Poughkeepsie
Chattanooga
Augusta
Spokane
Cape Coral
Lancaster
Pensacola
Mobile
Greenville
Winston/Salem
Jackson
Durham
Fayetteville
South Bend
Shreveport
Port St Lucie
Canton
Barnstable Town
Asheville
Bonita Springs / Naples
Huntsville
Hickory
Donetsk
Tashkent
Ho Chi Minh City
Harare
