Afghan
Albanian
Algerian
Andorran
Angolan
Argentinian
Armenian
Australian
Austrian
Azerbaijani
Bahamian
Bahraini
Bangladeshi
Barbadian
Belorussian
Belgian
Belizian
Beninese
Bhutanese
Bolivian
Bosnian
Botswanan
Brazilian
British
Bruneian
Bulgarian
Burkinese
Burmese
Burundian
Cambodian
Cameroonian
Canadian
Cape Verdean
Chadian
Chilean
Chinese
Colombian
Congolese
Costa Rican
Croatian
Cuban
Cypriot
Czech
Danish
Djiboutian
Dominican
Dominican
Ecuadorean
Egyptian
Salvadorean
English
Eritrean
Estonian
Ethiopian
Fijian
Finnish
French
Gabonese
Gambian
Georgian
German
Ghanaian
Greek
Grenadian
Guatemalan
Guinean
Guyanese
Haitian
Dutch
Honduran
Hungarian
Icelandic
Indian
Indonesian
Iranian
Iraqi
Irish
Israeli
Italian
Jamaican
Japanese
Jordanian
Kazakh
Kenyan
Kuwaiti
Laotian
Latvian
Lebanese
Liberian
Libyan
Lithuanian
Macedonian
Madagascan
Malawian
Malaysian
Maldivian
Malian
Maltese
Mauritanian
Mauritian
Mexican
Moldovan
Monacan
Mongolian
Montenegrin
Moroccan
Mozambican
Namibian
Nepalese
Dutch
Nicaraguan
Nigerien
Nigerian
North Korean
Norwegian
Omani
Pakistani
Panamanian
Papua New Guinean or Guinean
Paraguayan
Peruvian
Philippine
Polish
Portuguese
Qatari
Romanian
Russian
Rwandan
Saudi
Scottish
Senegalese
Serb
Seychellois
Sierra Leonian
Singaporean
Slovak
Slovene
Somali
South African
South Korean
Spanish
Sri Lankan
Sudanese
Surinamese
Swazi
Swedish
Swiss
Syrian
Taiwanese
Tajik
Tanzanian
Thai
Togolese
Tobagan
Tunisian
Turkish
Turkmen
Tuvaluan
Ugandan
Ukrainian
British
Uruguayan
Uzbek
Vanuatuan
Venezuelan
Vietnamese
Welsh
Samoan
Yemeni
Yugoslav
Zaïrean
Zambian
Zimbabwean